# KC-TERMINE-DEPLOY: welcher Stand von Sire65/KC-Besuchsprotokoll als Edge Function „kc-termine“ hochgeladen wird.
# Neue Zeile mit dem Commit (40 Zeichen) eintragen und pushen → Workflow „Termin-Programm hochladen“ läuft.
# 1.3.9 (29.09.2026): Erinnerung nach Terminänderung zuverlässig
744e542a8589d3927d3f4014ba644887eb44149f
