# KC-TERMINE-DEPLOY: welcher Stand von Sire65/KC-Besuchsprotokoll als Edge Function „kc-termine“ hochgeladen wird.
# Neue Zeile mit dem Commit (40 Zeichen) eintragen und pushen → Workflow „Termin-Programm hochladen“ läuft.
# 1.3.9 (29.09.2026): Erinnerung nach Terminänderung zuverlässig
# 2.23.62: KC-Besuchsprotokoll 1.3.10 – Mitglieder-Aktionen auch intern über die Club-App (KC-CLUB-SCHULUNG-MITGLIED)
cabe06d8956bdbb320c9f01712c9ed8b820dd77a
# 2.23.68 KC-CLUB-SCHULUNG-HINWEIS: kc-termine 1.3.11 (Erinnerung an Hansi, Links in die Club-App)
1ffaa9d34f0db5b59cab8387973257a3bc441880
# 2.23.69 KC-CLUB-SCHULUNG-ANGEBOT/-VERSCHIEBEN: kc-termine 1.3.12 (Terminauswahl beim Einladen, Erinnerung nach Verschieben)
5855f15a883821cea993b3feb2ceff8163dd8851
